// Jest Snapshot v1, https://goo.gl/fbAQLP

exports[`App snapshot 1`] = `
<DocumentFragment>
  <div
    class="app"
  >
    <nav
      class="navbar"
    >
      <ul
        class="navbar__links"
      >
        <li
          class="navbar__links__item"
        >
          <a
            aria-current="page"
            class="active"
            href="/"
          >
            <h1
              class="navbar__links__item__heading"
            >
              SoundClone
            </h1>
          </a>
        </li>
        <li
          class="navbar__links__item"
        >
          <a
            aria-current="page"
            class="navbar__links__item--active"
            href="/"
          >
            <img
              alt="home"
              class="navbar__links__item__img"
              src="home.png"
            />
            <span
              class="navbar__links__item__text"
            >
              home
            </span>
          </a>
        </li>
        <li
          class="navbar__links__search"
        >
          <input
            placeholder="Search"
            type="text"
          />
          <button
            type="button"
          >
            <img
              alt="search"
              class="navbar__links__search__img"
              src="search.png"
            />
          </button>
        </li>
        <li
          class="navbar__links__item"
        >
          <a
            href="/login"
          >
            <img
              alt="login"
              class="navbar__links__item__img"
              src="login.png"
            />
            <span
              class="navbar__links__item__text"
            >
              login
            </span>
          </a>
        </li>
      </ul>
    </nav>
    <div
      class="app__routes"
    >
      <div
        class="feed"
      >
        <div
          class="album"
        >
          <div
            class="album__info-container"
          >
            <img
              alt="album1 cover art"
              class="album__cover-art"
              src="art url 1"
            />
            <div
              class="album__info"
            >
              <h2
                class="album__artist-name"
              >
                <a
                  href="/profile/artist name 1"
                >
                  artist name 1
                </a>
              </h2>
              <h3
                class="album__album-name"
              >
                album1
              </h3>
            </div>
            <div
              class="album__buttons"
            >
              <button
                class="addSong-button addSong-large"
                type="button"
              >
                Add Album to queue
              </button>
              <button
                class="addSong-button addSong-large"
                type="button"
              >
                Play Album next
              </button>
            </div>
          </div>
          <li
            class="album__songs"
          >
            <ul
              class="album__song"
            >
              <h4
                class="album__song__song-name"
              >
                song1
              </h4>
              <div>
                <button
                  class="addSong-button album__song__button"
                  type="button"
                >
                  Add to queue
                </button>
                <button
                  class="addSong-button album__song__button"
                  type="button"
                >
                  Play next
                </button>
              </div>
            </ul>
            <ul
              class="album__song"
            >
              <h4
                class="album__song__song-name"
              >
                song2
              </h4>
              <div>
                <button
                  class="addSong-button album__song__button"
                  type="button"
                >
                  Add to queue
                </button>
                <button
                  class="addSong-button album__song__button"
                  type="button"
                >
                  Play next
                </button>
              </div>
            </ul>
          </li>
        </div>
        <div
          class="album"
        >
          <div
            class="album__info-container"
          >
            <img
              alt="album2 cover art"
              class="album__cover-art"
              src="art url 2"
            />
            <div
              class="album__info"
            >
              <h2
                class="album__artist-name"
              >
                <a
                  href="/profile/artist name 2"
                >
                  artist name 2
                </a>
              </h2>
              <h3
                class="album__album-name"
              >
                album2
              </h3>
            </div>
            <div
              class="album__buttons"
            >
              <button
                class="addSong-button addSong-large"
                type="button"
              >
                Add Album to queue
              </button>
              <button
                class="addSong-button addSong-large"
                type="button"
              >
                Play Album next
              </button>
            </div>
          </div>
          <li
            class="album__songs"
          >
            <ul
              class="album__song"
            >
              <h4
                class="album__song__song-name"
              >
                song3
              </h4>
              <div>
                <button
                  class="addSong-button album__song__button"
                  type="button"
                >
                  Add to queue
                </button>
                <button
                  class="addSong-button album__song__button"
                  type="button"
                >
                  Play next
                </button>
              </div>
            </ul>
            <ul
              class="album__song"
            >
              <h4
                class="album__song__song-name"
              >
                song4
              </h4>
              <div>
                <button
                  class="addSong-button album__song__button"
                  type="button"
                >
                  Add to queue
                </button>
                <button
                  class="addSong-button album__song__button"
                  type="button"
                >
                  Play next
                </button>
              </div>
            </ul>
          </li>
        </div>
      </div>
    </div>
    <audio
      data-testid="audio"
    />
    <div
      class="music-player-space"
    />
    <div
      class="music-player"
    >
      <div
        class="music-player__left"
      >
        <img
          alt="undefined cover art"
          class="music-player__left__cover-art"
          src="music.png"
        />
      </div>
      <div
        class="music-player__center"
      >
        <h2
          class="music-player__song-info"
        />
        <input
          class="music-player__progress-bar"
          data-testid="progressBar"
          max="0"
          min="0"
          name="time"
          type="range"
          value="0"
        />
        <div
          class="music-player__center__under"
        >
          <p
            class="music-player__center__under__time"
          >
            0:00
          </p>
          <div
            class="music-player__center__under__buttons"
          >
            <button
              class="music-player__skip-backwards"
              type="button"
            >
              <img
                alt="skip backwards"
                src="skip.png"
              />
            </button>
            <button
              class="music-player__play-pause"
              type="button"
            >
              <img
                alt="pause"
                src="play.png"
              />
            </button>
            <button
              class="music-player__skip-forwards"
              type="button"
            >
              <img
                alt="skip forwards"
                src="skip.png"
              />
            </button>
          </div>
          <p
            class="music-player__center__under__time"
          >
            0:00
          </p>
        </div>
      </div>
      <div
        class="music-player__right"
      >
        <div
          class="music-player__volume"
        >
          <button
            type="button"
          >
            <img
              alt="volume"
              src="volume-medium.png"
            />
          </button>
        </div>
        <div
          class="music-player__playlist"
        >
          <button
            type="button"
          >
            <img
              alt="playlist"
              src="menu.png"
            />
          </button>
        </div>
      </div>
    </div>
  </div>
</DocumentFragment>
`;
