// Jest Snapshot v1, https://goo.gl/fbAQLP

exports[`Home snapshot 1`] = `
<DocumentFragment>
  <div
    class="feed"
  >
    <div
      class="album"
    >
      <div
        class="album__info-container"
      >
        <img
          alt="album1 cover art"
          class="album__cover-art"
          src="art url 1"
        />
        <div
          class="album__info"
        >
          <h2
            class="album__artist-name"
          >
            <a
              href="/profile/artist name 1"
            >
              artist name 1
            </a>
          </h2>
          <h3
            class="album__album-name"
          >
            album1
          </h3>
        </div>
        <div
          class="album__buttons"
        >
          <button
            class="addSong-button addSong-large"
            type="button"
          >
            Add Album to queue
          </button>
          <button
            class="addSong-button addSong-large"
            type="button"
          >
            Play Album next
          </button>
        </div>
      </div>
      <li
        class="album__songs"
      >
        <ul
          class="album__song"
        >
          <h4
            class="album__song__song-name"
          >
            song1
          </h4>
          <div>
            <button
              class="addSong-button album__song__button"
              type="button"
            >
              Add to queue
            </button>
            <button
              class="addSong-button album__song__button"
              type="button"
            >
              Play next
            </button>
          </div>
        </ul>
        <ul
          class="album__song"
        >
          <h4
            class="album__song__song-name"
          >
            song2
          </h4>
          <div>
            <button
              class="addSong-button album__song__button"
              type="button"
            >
              Add to queue
            </button>
            <button
              class="addSong-button album__song__button"
              type="button"
            >
              Play next
            </button>
          </div>
        </ul>
      </li>
    </div>
    <div
      class="album"
    >
      <div
        class="album__info-container"
      >
        <img
          alt="album2 cover art"
          class="album__cover-art"
          src="art url 2"
        />
        <div
          class="album__info"
        >
          <h2
            class="album__artist-name"
          >
            <a
              href="/profile/artist name 2"
            >
              artist name 2
            </a>
          </h2>
          <h3
            class="album__album-name"
          >
            album2
          </h3>
        </div>
        <div
          class="album__buttons"
        >
          <button
            class="addSong-button addSong-large"
            type="button"
          >
            Add Album to queue
          </button>
          <button
            class="addSong-button addSong-large"
            type="button"
          >
            Play Album next
          </button>
        </div>
      </div>
      <li
        class="album__songs"
      >
        <ul
          class="album__song"
        >
          <h4
            class="album__song__song-name"
          >
            song3
          </h4>
          <div>
            <button
              class="addSong-button album__song__button"
              type="button"
            >
              Add to queue
            </button>
            <button
              class="addSong-button album__song__button"
              type="button"
            >
              Play next
            </button>
          </div>
        </ul>
        <ul
          class="album__song"
        >
          <h4
            class="album__song__song-name"
          >
            song4
          </h4>
          <div>
            <button
              class="addSong-button album__song__button"
              type="button"
            >
              Add to queue
            </button>
            <button
              class="addSong-button album__song__button"
              type="button"
            >
              Play next
            </button>
          </div>
        </ul>
      </li>
    </div>
  </div>
</DocumentFragment>
`;
