// Jest Snapshot v1, https://goo.gl/fbAQLP

exports[`Search snapshots snapshot no user data 1`] = `
<DocumentFragment>
  <div
    class="feed"
  >
    <h2>
      No results
    </h2>
  </div>
</DocumentFragment>
`;

exports[`Search snapshots snapshot with user data 1`] = `
<DocumentFragment>
  <div
    class="feed"
  >
    <div
      class="album"
    >
      <div
        class="album__info-container"
      >
        <img
          alt="album1 cover art"
          class="album__cover-art"
          src="art url 1"
        />
        <div
          class="album__info"
        >
          <h2
            class="album__artist-name"
          >
            <a
              href="/profile/artist name 1"
            >
              artist name 1
            </a>
          </h2>
          <h3
            class="album__album-name"
          >
            album1
          </h3>
        </div>
        <div
          class="album__buttons"
        >
          <button
            class="addSong-button addSong-large"
            type="button"
          >
            Add Album to queue
          </button>
          <button
            class="addSong-button addSong-large"
            type="button"
          >
            Play Album next
          </button>
        </div>
      </div>
      <li
        class="album__songs"
      >
        <ul
          class="album__song"
        >
          <h4
            class="album__song__song-name"
          >
            song1
          </h4>
          <div>
            <button
              class="addSong-button album__song__button"
              type="button"
            >
              Add to queue
            </button>
            <button
              class="addSong-button album__song__button"
              type="button"
            >
              Play next
            </button>
          </div>
        </ul>
        <ul
          class="album__song"
        >
          <h4
            class="album__song__song-name"
          >
            song2
          </h4>
          <div>
            <button
              class="addSong-button album__song__button"
              type="button"
            >
              Add to queue
            </button>
            <button
              class="addSong-button album__song__button"
              type="button"
            >
              Play next
            </button>
          </div>
        </ul>
      </li>
    </div>
    <div
      class="album"
    >
      <div
        class="album__info-container"
      >
        <img
          alt="album2 cover art"
          class="album__cover-art"
          src="art url 2"
        />
        <div
          class="album__info"
        >
          <h2
            class="album__artist-name"
          >
            <a
              href="/profile/artist name 2"
            >
              artist name 2
            </a>
          </h2>
          <h3
            class="album__album-name"
          >
            album2
          </h3>
        </div>
        <div
          class="album__buttons"
        >
          <button
            class="addSong-button addSong-large"
            type="button"
          >
            Add Album to queue
          </button>
          <button
            class="addSong-button addSong-large"
            type="button"
          >
            Play Album next
          </button>
        </div>
      </div>
      <li
        class="album__songs"
      >
        <ul
          class="album__song"
        >
          <h4
            class="album__song__song-name"
          >
            song3
          </h4>
          <div>
            <button
              class="addSong-button album__song__button"
              type="button"
            >
              Add to queue
            </button>
            <button
              class="addSong-button album__song__button"
              type="button"
            >
              Play next
            </button>
          </div>
        </ul>
        <ul
          class="album__song"
        >
          <h4
            class="album__song__song-name"
          >
            song4
          </h4>
          <div>
            <button
              class="addSong-button album__song__button"
              type="button"
            >
              Add to queue
            </button>
            <button
              class="addSong-button album__song__button"
              type="button"
            >
              Play next
            </button>
          </div>
        </ul>
      </li>
    </div>
    <div
      class="song"
    >
      <div
        class="song__info-container"
      >
        <img
          alt="album 6tggj cover art"
          class="song__cover-art"
          src="url 0hgnid"
        />
        <div
          class="song__info"
        >
          <h2
            class="song__artist-name"
          >
            <a
              class="song__artist-name__link"
              href="/profile/name 7gbn"
            >
              name 7gbn
            </a>
          </h2>
          <h3
            class="song__song-name"
          >
            song 756453
          </h3>
        </div>
      </div>
      <div
        class="song__buttons"
      >
        <button
          class="addSong-button addSong-large"
          type="button"
        >
          Add to queue
        </button>
        <button
          class="addSong-button addSong-large"
          type="button"
        >
          Play next
        </button>
      </div>
    </div>
    <div
      class="song"
    >
      <div
        class="song__info-container"
      >
        <img
          alt="album jgjf6tggj cover art"
          class="song__cover-art"
          src="url 0hgnfgj6id"
        />
        <div
          class="song__info"
        >
          <h2
            class="song__artist-name"
          >
            <a
              class="song__artist-name__link"
              href="/profile/name 7gbhfgjfn"
            >
              name 7gbhfgjfn
            </a>
          </h2>
          <h3
            class="song__song-name"
          >
            song 7553
          </h3>
        </div>
      </div>
      <div
        class="song__buttons"
      >
        <button
          class="addSong-button addSong-large"
          type="button"
        >
          Add to queue
        </button>
        <button
          class="addSong-button addSong-large"
          type="button"
        >
          Play next
        </button>
      </div>
    </div>
    <div
      class="song"
    >
      <div
        class="song__info-container"
      >
        <img
          alt="albujfm 6tggj cover art"
          class="song__cover-art"
          src="url 0hgni754d"
        />
        <div
          class="song__info"
        >
          <h2
            class="song__artist-name"
          >
            <a
              class="song__artist-name__link"
              href="/profile/namefjrtu54 7gbn"
            >
              namefjrtu54 7gbn
            </a>
          </h2>
          <h3
            class="song__song-name"
          >
            song 756457553
          </h3>
        </div>
      </div>
      <div
        class="song__buttons"
      >
        <button
          class="addSong-button addSong-large"
          type="button"
        >
          Add to queue
        </button>
        <button
          class="addSong-button addSong-large"
          type="button"
        >
          Play next
        </button>
      </div>
    </div>
    <div
      class="artist"
    >
      <a
        class="artist__link"
        href="/profile/name 1"
      >
        <img
          alt="album by name 1"
          class="artist__cover-art"
          src="art url 1"
        />
        <h2
          class="artist__name"
        >
          name 1
        </h2>
      </a>
    </div>
    <div
      class="artist"
    >
      <a
        class="artist__link"
        href="/profile/name 2"
      >
        <img
          alt="album by name 2"
          class="artist__cover-art"
          src="art url 4"
        />
        <h2
          class="artist__name"
        >
          name 2
        </h2>
      </a>
    </div>
  </div>
</DocumentFragment>
`;
