// Jest Snapshot v1, https://goo.gl/fbAQLP

exports[`Song snapshot 1`] = `
<DocumentFragment>
  <div
    class="song"
  >
    <div
      class="song__info-container"
    >
      <img
        alt="album cover art"
        class="song__cover-art"
        src="alburl"
      />
      <div
        class="song__info"
      >
        <h2
          class="song__artist-name"
        >
          <a
            class="song__artist-name__link"
            href="/profile/artist"
          >
            artist
          </a>
        </h2>
        <h3
          class="song__song-name"
        >
          song
        </h3>
      </div>
    </div>
    <div
      class="song__buttons"
    >
      <button
        class="addSong-button addSong-large"
        type="button"
      >
        Add to queue
      </button>
      <button
        class="addSong-button addSong-large"
        type="button"
      >
        Play next
      </button>
    </div>
  </div>
</DocumentFragment>
`;
